\BOOKMARK [0][-]{chapter.1}{\376\377\0001\000\040\000M\000S\000D\000S\000c\000r\000i\000p\000t}{}% 1
\BOOKMARK [0][-]{chapter.2}{\376\377\0002\000\040\000H\000i\000e\000r\000a\000r\000c\000h\000i\000c\000a\000l\000\040\000I\000n\000d\000e\000x}{}% 2
\BOOKMARK [1][-]{section.2.1}{\376\377\0002\000.\0001\000\040\000C\000l\000a\000s\000s\000\040\000H\000i\000e\000r\000a\000r\000c\000h\000y}{chapter.2}% 3
\BOOKMARK [0][-]{chapter.3}{\376\377\0003\000\040\000C\000l\000a\000s\000s\000\040\000I\000n\000d\000e\000x}{}% 4
\BOOKMARK [1][-]{section.3.1}{\376\377\0003\000.\0001\000\040\000C\000l\000a\000s\000s\000\040\000L\000i\000s\000t}{chapter.3}% 5
\BOOKMARK [0][-]{chapter.4}{\376\377\0004\000\040\000F\000i\000l\000e\000\040\000I\000n\000d\000e\000x}{}% 6
\BOOKMARK [1][-]{section.4.1}{\376\377\0004\000.\0001\000\040\000F\000i\000l\000e\000\040\000L\000i\000s\000t}{chapter.4}% 7
\BOOKMARK [0][-]{chapter.5}{\376\377\0005\000\040\000C\000l\000a\000s\000s\000\040\000D\000o\000c\000u\000m\000e\000n\000t\000a\000t\000i\000o\000n}{}% 8
\BOOKMARK [1][-]{section.5.1}{\376\377\0005\000.\0001\000\040\000A\000d\000d\000\040\000C\000l\000a\000s\000s\000\040\000R\000e\000f\000e\000r\000e\000n\000c\000e}{chapter.5}% 9
\BOOKMARK [2][-]{subsection.5.1.1}{\376\377\0005\000.\0001\000.\0001\000\040\000D\000e\000t\000a\000i\000l\000e\000d\000\040\000D\000e\000s\000c\000r\000i\000p\000t\000i\000o\000n}{section.5.1}% 10
\BOOKMARK [2][-]{subsection.5.1.2}{\376\377\0005\000.\0001\000.\0002\000\040\000C\000o\000n\000s\000t\000r\000u\000c\000t\000o\000r\000\040\000\046\000\040\000D\000e\000s\000t\000r\000u\000c\000t\000o\000r\000\040\000D\000o\000c\000u\000m\000e\000n\000t\000a\000t\000i\000o\000n}{section.5.1}% 11
\BOOKMARK [3][-]{subsubsection.5.1.2.1}{\376\377\0005\000.\0001\000.\0002\000.\0001\000\040\000A\000d\000d\000\050\000\051}{subsection.5.1.2}% 12
\BOOKMARK [2][-]{subsection.5.1.3}{\376\377\0005\000.\0001\000.\0003\000\040\000M\000e\000m\000b\000e\000r\000\040\000F\000u\000n\000c\000t\000i\000o\000n\000\040\000D\000o\000c\000u\000m\000e\000n\000t\000a\000t\000i\000o\000n}{section.5.1}% 13
\BOOKMARK [3][-]{subsubsection.5.1.3.1}{\376\377\0005\000.\0001\000.\0003\000.\0001\000\040\000e\000q\000u\000a\000l\000s\000\050\000\051}{subsection.5.1.3}% 14
\BOOKMARK [3][-]{subsubsection.5.1.3.2}{\376\377\0005\000.\0001\000.\0003\000.\0002\000\040\000h\000a\000s\000\137\000v\000a\000r\000i\000a\000b\000l\000e\000\050\000\051}{subsection.5.1.3}% 15
\BOOKMARK [3][-]{subsubsection.5.1.3.3}{\376\377\0005\000.\0001\000.\0003\000.\0003\000\040\000i\000n\000t\000e\000r\000p\000\050\000\051}{subsection.5.1.3}% 16
\BOOKMARK [3][-]{subsubsection.5.1.3.4}{\376\377\0005\000.\0001\000.\0003\000.\0004\000\040\000p\000r\000e\000t\000t\000y\000P\000r\000i\000n\000t\000\050\000\051}{subsection.5.1.3}% 17
\BOOKMARK [3][-]{subsubsection.5.1.3.5}{\376\377\0005\000.\0001\000.\0003\000.\0005\000\040\000p\000r\000e\000t\000t\000y\000P\000r\000i\000n\000t\000A\000t\000\050\000\051}{subsection.5.1.3}% 18
\BOOKMARK [3][-]{subsubsection.5.1.3.6}{\376\377\0005\000.\0001\000.\0003\000.\0006\000\040\000p\000r\000i\000n\000t\000\050\000\051}{subsection.5.1.3}% 19
\BOOKMARK [3][-]{subsubsection.5.1.3.7}{\376\377\0005\000.\0001\000.\0003\000.\0007\000\040\000s\000u\000b\000s\000t\000\050\000\051}{subsection.5.1.3}% 20
\BOOKMARK [2][-]{subsection.5.1.4}{\376\377\0005\000.\0001\000.\0004\000\040\000M\000e\000m\000b\000e\000r\000\040\000D\000a\000t\000a\000\040\000D\000o\000c\000u\000m\000e\000n\000t\000a\000t\000i\000o\000n}{section.5.1}% 21
\BOOKMARK [3][-]{subsubsection.5.1.4.1}{\376\377\0005\000.\0001\000.\0004\000.\0001\000\040\000l\000h\000s}{subsection.5.1.4}% 22
\BOOKMARK [1][-]{section.5.2}{\376\377\0005\000.\0002\000\040\000E\000x\000p\000r\000\040\000C\000l\000a\000s\000s\000\040\000R\000e\000f\000e\000r\000e\000n\000c\000e}{chapter.5}% 23
\BOOKMARK [2][-]{subsection.5.2.1}{\376\377\0005\000.\0002\000.\0001\000\040\000D\000e\000t\000a\000i\000l\000e\000d\000\040\000D\000e\000s\000c\000r\000i\000p\000t\000i\000o\000n}{section.5.2}% 24
\BOOKMARK [2][-]{subsection.5.2.2}{\376\377\0005\000.\0002\000.\0002\000\040\000M\000e\000m\000b\000e\000r\000\040\000F\000u\000n\000c\000t\000i\000o\000n\000\040\000D\000o\000c\000u\000m\000e\000n\000t\000a\000t\000i\000o\000n}{section.5.2}% 25
\BOOKMARK [3][-]{subsubsection.5.2.2.1}{\376\377\0005\000.\0002\000.\0002\000.\0001\000\040\000e\000q\000u\000a\000l\000s\000\050\000\051}{subsection.5.2.2}% 26
\BOOKMARK [3][-]{subsubsection.5.2.2.2}{\376\377\0005\000.\0002\000.\0002\000.\0002\000\040\000h\000a\000s\000\137\000v\000a\000r\000i\000a\000b\000l\000e\000\050\000\051}{subsection.5.2.2}% 27
\BOOKMARK [3][-]{subsubsection.5.2.2.3}{\376\377\0005\000.\0002\000.\0002\000.\0003\000\040\000i\000n\000t\000e\000r\000p\000\050\000\051}{subsection.5.2.2}% 28
\BOOKMARK [3][-]{subsubsection.5.2.2.4}{\376\377\0005\000.\0002\000.\0002\000.\0004\000\040\000p\000r\000e\000t\000t\000y\000P\000r\000i\000n\000t\000\050\000\051}{subsection.5.2.2}% 29
\BOOKMARK [3][-]{subsubsection.5.2.2.5}{\376\377\0005\000.\0002\000.\0002\000.\0005\000\040\000p\000r\000e\000t\000t\000y\000P\000r\000i\000n\000t\000A\000t\000\050\000\051}{subsection.5.2.2}% 30
\BOOKMARK [3][-]{subsubsection.5.2.2.6}{\376\377\0005\000.\0002\000.\0002\000.\0006\000\040\000p\000r\000i\000n\000t\000\050\000\051}{subsection.5.2.2}% 31
\BOOKMARK [3][-]{subsubsection.5.2.2.7}{\376\377\0005\000.\0002\000.\0002\000.\0007\000\040\000s\000u\000b\000s\000t\000\050\000\051}{subsection.5.2.2}% 32
\BOOKMARK [3][-]{subsubsection.5.2.2.8}{\376\377\0005\000.\0002\000.\0002\000.\0008\000\040\000t\000o\000\137\000p\000r\000e\000t\000t\000y\000\137\000s\000t\000r\000i\000n\000g\000\050\000\051}{subsection.5.2.2}% 33
\BOOKMARK [3][-]{subsubsection.5.2.2.9}{\376\377\0005\000.\0002\000.\0002\000.\0009\000\040\000t\000o\000\137\000s\000t\000r\000i\000n\000g\000\050\000\051}{subsection.5.2.2}% 34
\BOOKMARK [1][-]{section.5.3}{\376\377\0005\000.\0003\000\040\000M\000u\000l\000t\000\040\000C\000l\000a\000s\000s\000\040\000R\000e\000f\000e\000r\000e\000n\000c\000e}{chapter.5}% 35
\BOOKMARK [2][-]{subsection.5.3.1}{\376\377\0005\000.\0003\000.\0001\000\040\000D\000e\000t\000a\000i\000l\000e\000d\000\040\000D\000e\000s\000c\000r\000i\000p\000t\000i\000o\000n}{section.5.3}% 36
\BOOKMARK [2][-]{subsection.5.3.2}{\376\377\0005\000.\0003\000.\0002\000\040\000C\000o\000n\000s\000t\000r\000u\000c\000t\000o\000r\000\040\000\046\000\040\000D\000e\000s\000t\000r\000u\000c\000t\000o\000r\000\040\000D\000o\000c\000u\000m\000e\000n\000t\000a\000t\000i\000o\000n}{section.5.3}% 37
\BOOKMARK [3][-]{subsubsection.5.3.2.1}{\376\377\0005\000.\0003\000.\0002\000.\0001\000\040\000M\000u\000l\000t\000\050\000\051}{subsection.5.3.2}% 38
\BOOKMARK [2][-]{subsection.5.3.3}{\376\377\0005\000.\0003\000.\0003\000\040\000M\000e\000m\000b\000e\000r\000\040\000F\000u\000n\000c\000t\000i\000o\000n\000\040\000D\000o\000c\000u\000m\000e\000n\000t\000a\000t\000i\000o\000n}{section.5.3}% 39
\BOOKMARK [3][-]{subsubsection.5.3.3.1}{\376\377\0005\000.\0003\000.\0003\000.\0001\000\040\000e\000q\000u\000a\000l\000s\000\050\000\051}{subsection.5.3.3}% 40
\BOOKMARK [3][-]{subsubsection.5.3.3.2}{\376\377\0005\000.\0003\000.\0003\000.\0002\000\040\000h\000a\000s\000\137\000v\000a\000r\000i\000a\000b\000l\000e\000\050\000\051}{subsection.5.3.3}% 41
\BOOKMARK [3][-]{subsubsection.5.3.3.3}{\376\377\0005\000.\0003\000.\0003\000.\0003\000\040\000i\000n\000t\000e\000r\000p\000\050\000\051}{subsection.5.3.3}% 42
\BOOKMARK [3][-]{subsubsection.5.3.3.4}{\376\377\0005\000.\0003\000.\0003\000.\0004\000\040\000p\000r\000e\000t\000t\000y\000P\000r\000i\000n\000t\000\050\000\051}{subsection.5.3.3}% 43
\BOOKMARK [3][-]{subsubsection.5.3.3.5}{\376\377\0005\000.\0003\000.\0003\000.\0005\000\040\000p\000r\000e\000t\000t\000y\000P\000r\000i\000n\000t\000A\000t\000\050\000\051}{subsection.5.3.3}% 44
\BOOKMARK [3][-]{subsubsection.5.3.3.6}{\376\377\0005\000.\0003\000.\0003\000.\0006\000\040\000p\000r\000i\000n\000t\000\050\000\051}{subsection.5.3.3}% 45
\BOOKMARK [3][-]{subsubsection.5.3.3.7}{\376\377\0005\000.\0003\000.\0003\000.\0007\000\040\000s\000u\000b\000s\000t\000\050\000\051}{subsection.5.3.3}% 46
\BOOKMARK [2][-]{subsection.5.3.4}{\376\377\0005\000.\0003\000.\0004\000\040\000M\000e\000m\000b\000e\000r\000\040\000D\000a\000t\000a\000\040\000D\000o\000c\000u\000m\000e\000n\000t\000a\000t\000i\000o\000n}{section.5.3}% 47
\BOOKMARK [3][-]{subsubsection.5.3.4.1}{\376\377\0005\000.\0003\000.\0004\000.\0001\000\040\000l\000h\000s}{subsection.5.3.4}% 48
\BOOKMARK [1][-]{section.5.4}{\376\377\0005\000.\0004\000\040\000N\000u\000m\000\040\000C\000l\000a\000s\000s\000\040\000R\000e\000f\000e\000r\000e\000n\000c\000e}{chapter.5}% 49
\BOOKMARK [2][-]{subsection.5.4.1}{\376\377\0005\000.\0004\000.\0001\000\040\000D\000e\000t\000a\000i\000l\000e\000d\000\040\000D\000e\000s\000c\000r\000i\000p\000t\000i\000o\000n}{section.5.4}% 50
\BOOKMARK [2][-]{subsection.5.4.2}{\376\377\0005\000.\0004\000.\0002\000\040\000C\000o\000n\000s\000t\000r\000u\000c\000t\000o\000r\000\040\000\046\000\040\000D\000e\000s\000t\000r\000u\000c\000t\000o\000r\000\040\000D\000o\000c\000u\000m\000e\000n\000t\000a\000t\000i\000o\000n}{section.5.4}% 51
\BOOKMARK [3][-]{subsubsection.5.4.2.1}{\376\377\0005\000.\0004\000.\0002\000.\0001\000\040\000N\000u\000m\000\050\000\051}{subsection.5.4.2}% 52
\BOOKMARK [2][-]{subsection.5.4.3}{\376\377\0005\000.\0004\000.\0003\000\040\000M\000e\000m\000b\000e\000r\000\040\000F\000u\000n\000c\000t\000i\000o\000n\000\040\000D\000o\000c\000u\000m\000e\000n\000t\000a\000t\000i\000o\000n}{section.5.4}% 53
\BOOKMARK [3][-]{subsubsection.5.4.3.1}{\376\377\0005\000.\0004\000.\0003\000.\0001\000\040\000e\000q\000u\000a\000l\000s\000\050\000\051}{subsection.5.4.3}% 54
\BOOKMARK [3][-]{subsubsection.5.4.3.2}{\376\377\0005\000.\0004\000.\0003\000.\0002\000\040\000h\000a\000s\000\137\000v\000a\000r\000i\000a\000b\000l\000e\000\050\000\051}{subsection.5.4.3}% 55
\BOOKMARK [3][-]{subsubsection.5.4.3.3}{\376\377\0005\000.\0004\000.\0003\000.\0003\000\040\000i\000n\000t\000e\000r\000p\000\050\000\051}{subsection.5.4.3}% 56
\BOOKMARK [3][-]{subsubsection.5.4.3.4}{\376\377\0005\000.\0004\000.\0003\000.\0004\000\040\000p\000r\000i\000n\000t\000\050\000\051}{subsection.5.4.3}% 57
\BOOKMARK [3][-]{subsubsection.5.4.3.5}{\376\377\0005\000.\0004\000.\0003\000.\0005\000\040\000s\000u\000b\000s\000t\000\050\000\051}{subsection.5.4.3}% 58
\BOOKMARK [2][-]{subsection.5.4.4}{\376\377\0005\000.\0004\000.\0004\000\040\000M\000e\000m\000b\000e\000r\000\040\000D\000a\000t\000a\000\040\000D\000o\000c\000u\000m\000e\000n\000t\000a\000t\000i\000o\000n}{section.5.4}% 59
\BOOKMARK [3][-]{subsubsection.5.4.4.1}{\376\377\0005\000.\0004\000.\0004\000.\0001\000\040\000v\000a\000l}{subsection.5.4.4}% 60
\BOOKMARK [1][-]{section.5.5}{\376\377\0005\000.\0005\000\040\000V\000a\000r\000i\000a\000b\000l\000e\000\040\000C\000l\000a\000s\000s\000\040\000R\000e\000f\000e\000r\000e\000n\000c\000e}{chapter.5}% 61
\BOOKMARK [2][-]{subsection.5.5.1}{\376\377\0005\000.\0005\000.\0001\000\040\000D\000e\000t\000a\000i\000l\000e\000d\000\040\000D\000e\000s\000c\000r\000i\000p\000t\000i\000o\000n}{section.5.5}% 62
\BOOKMARK [2][-]{subsection.5.5.2}{\376\377\0005\000.\0005\000.\0002\000\040\000C\000o\000n\000s\000t\000r\000u\000c\000t\000o\000r\000\040\000\046\000\040\000D\000e\000s\000t\000r\000u\000c\000t\000o\000r\000\040\000D\000o\000c\000u\000m\000e\000n\000t\000a\000t\000i\000o\000n}{section.5.5}% 63
\BOOKMARK [3][-]{subsubsection.5.5.2.1}{\376\377\0005\000.\0005\000.\0002\000.\0001\000\040\000V\000a\000r\000i\000a\000b\000l\000e\000\050\000\051}{subsection.5.5.2}% 64
\BOOKMARK [2][-]{subsection.5.5.3}{\376\377\0005\000.\0005\000.\0003\000\040\000M\000e\000m\000b\000e\000r\000\040\000F\000u\000n\000c\000t\000i\000o\000n\000\040\000D\000o\000c\000u\000m\000e\000n\000t\000a\000t\000i\000o\000n}{section.5.5}% 65
\BOOKMARK [3][-]{subsubsection.5.5.3.1}{\376\377\0005\000.\0005\000.\0003\000.\0001\000\040\000e\000q\000u\000a\000l\000s\000\050\000\051}{subsection.5.5.3}% 66
\BOOKMARK [3][-]{subsubsection.5.5.3.2}{\376\377\0005\000.\0005\000.\0003\000.\0002\000\040\000h\000a\000s\000\137\000v\000a\000r\000i\000a\000b\000l\000e\000\050\000\051}{subsection.5.5.3}% 67
\BOOKMARK [3][-]{subsubsection.5.5.3.3}{\376\377\0005\000.\0005\000.\0003\000.\0003\000\040\000i\000n\000t\000e\000r\000p\000\050\000\051}{subsection.5.5.3}% 68
\BOOKMARK [3][-]{subsubsection.5.5.3.4}{\376\377\0005\000.\0005\000.\0003\000.\0004\000\040\000p\000r\000i\000n\000t\000\050\000\051}{subsection.5.5.3}% 69
\BOOKMARK [3][-]{subsubsection.5.5.3.5}{\376\377\0005\000.\0005\000.\0003\000.\0005\000\040\000s\000u\000b\000s\000t\000\050\000\051}{subsection.5.5.3}% 70
\BOOKMARK [2][-]{subsection.5.5.4}{\376\377\0005\000.\0005\000.\0004\000\040\000M\000e\000m\000b\000e\000r\000\040\000D\000a\000t\000a\000\040\000D\000o\000c\000u\000m\000e\000n\000t\000a\000t\000i\000o\000n}{section.5.5}% 71
\BOOKMARK [3][-]{subsubsection.5.5.4.1}{\376\377\0005\000.\0005\000.\0004\000.\0001\000\040\000n\000a\000m\000e}{subsection.5.5.4}% 72
\BOOKMARK [0][-]{chapter.6}{\376\377\0006\000\040\000F\000i\000l\000e\000\040\000D\000o\000c\000u\000m\000e\000n\000t\000a\000t\000i\000o\000n}{}% 73
\BOOKMARK [1][-]{section.6.1}{\376\377\0006\000.\0001\000\040\000/\000U\000s\000e\000r\000s\000/\000j\000a\000s\000o\000n\000a\000b\000l\000o\000t\000t\000/\000m\000s\000d\000s\000c\000r\000i\000p\000t\000/\000c\000m\000d\000l\000i\000n\000e\000.\000h}{chapter.6}% 74
\BOOKMARK [1][-]{section.6.2}{\376\377\0006\000.\0002\000\040\000/\000U\000s\000e\000r\000s\000/\000j\000a\000s\000o\000n\000a\000b\000l\000o\000t\000t\000/\000m\000s\000d\000s\000c\000r\000i\000p\000t\000/\000e\000x\000p\000r\000.\000h}{chapter.6}% 75
\BOOKMARK [0][-]{section*.19}{\376\377\000I\000n\000d\000e\000x}{}% 76
